RAM Allocation [bytes]
Variable                                                                          Address   Size
------------------------------------------------------------------------------------------------

EEPROM Allocation [bytes]
Variable                                                                          Address   Size
------------------------------------------------------------------------------------------------

Register Allocation
Variable                                                                          Register  Size
------------------------------------------------------------------------------------------------
TensHour                                                                          R5           1
OnesHour                                                                          R4           1
TensMin                                                                           R7           1
OnesMin                                                                           R6           1
TensSec                                                                           R9           1
OnesSec                                                                           R8           1
DP                                                                                R11          1
a                                                                                 R10          1

FLASH Allocation [words]
Function                                                                          Address   Size
------------------------------------------------------------------------------------------------
timer1_compa_isr                                                                  0x0005F     71
ParseToHex                                                                        0x000A6     70
main                                                                              0x000EC     78
