RAM Allocation [bytes]
Variable                                                                          Address   Size
------------------------------------------------------------------------------------------------
_base_y                                                                           0x0270       4
_seed                                                                             0x0274       4

EEPROM Allocation [bytes]
Variable                                                                          Address   Size
------------------------------------------------------------------------------------------------

Register Allocation
Variable                                                                          Register  Size
------------------------------------------------------------------------------------------------
TensHour                                                                          R5           1
OnesHour                                                                          R4           1
TensMin                                                                           R7           1
OnesMin                                                                           R6           1
TensSec                                                                           R9           1
OnesSec                                                                           R8           1
mSec                                                                              R11          1
_lcd_x                                                                            R10          1
_lcd_y                                                                            R13          1
_lcd_maxx                                                                         R12          1

FLASH Allocation [words]
Function                                                                          Address   Size
------------------------------------------------------------------------------------------------
timer1_compa_isr                                                                  0x0007F     59
put_char                                                                          0x000BA     15
main                                                                              0x000C9    116
_lcd_write_nibble_G100                                                            0x0013D     20
_lcd_write_data                                                                   0x00151     12
lcd_gotoxy                                                                        0x0015D     13
lcd_clear                                                                         0x0016A     12
lcd_putchar                                                                       0x00176     21
lcd_puts                                                                          0x0018B     17
lcd_init                                                                          0x0019C     46

FLASH Allocation [words]
Function                                                                          Address   Size
------------------------------------------------------------------------------------------------
timer1_compa_isr                                                                  0x0007F     59
put_char                                                                          0x000BA     15
main                                                                              0x000C9    116
_lcd_write_nibble_G100                                                            0x0013D     20
_lcd_write_data                                                                   0x00151     12
lcd_gotoxy                                                                        0x0015D     13
lcd_clear                                                                         0x0016A     12
lcd_putchar                                                                       0x00176     21
lcd_puts                                                                          0x0018B     17
lcd_init                                                                          0x0019C     46

FLASH Allocation [words]
Function                                                                          Address   Size
------------------------------------------------------------------------------------------------
timer1_compa_isr                                                                  0x0007F     59
put_char                                                                          0x000BA     15
main                                                                              0x000C9    116
_lcd_write_nibble_G100                                                            0x0013D     20
_lcd_write_data                                                                   0x00151     12
lcd_gotoxy                                                                        0x0015D     13
lcd_clear                                                                         0x0016A     12
lcd_putchar                                                                       0x00176     21
lcd_puts                                                                          0x0018B     17
lcd_init                                                                          0x0019C     46

FLASH Allocation [words]
Function                                                                          Address   Size
------------------------------------------------------------------------------------------------
timer1_compa_isr                                                                  0x0007F     59
put_char                                                                          0x000BA     15
main                                                                              0x000C9    116
_lcd_write_nibble_G100                                                            0x0013D     20
_lcd_write_data                                                                   0x00151     12
lcd_gotoxy                                                                        0x0015D     13
lcd_clear                                                                         0x0016A     12
lcd_putchar                                                                       0x00176     21
lcd_puts                                                                          0x0018B     17
lcd_init                                                                          0x0019C     46

FLASH Allocation [words]
Function                                                                          Address   Size
------------------------------------------------------------------------------------------------
timer1_compa_isr                                                                  0x0007F     59
put_char                                                                          0x000BA     15
main                                                                              0x000C9    116
_lcd_write_nibble_G100                                                            0x0013D     20
_lcd_write_data                                                                   0x00151     12
lcd_gotoxy                                                                        0x0015D     13
lcd_clear                                                                         0x0016A     12
lcd_putchar                                                                       0x00176     21
lcd_puts                                                                          0x0018B     17
lcd_init                                                                          0x0019C     46

FLASH Allocation [words]
Function                                                                          Address   Size
------------------------------------------------------------------------------------------------
timer1_compa_isr                                                                  0x0007F     59
put_char                                                                          0x000BA     15
main                                                                              0x000C9    116
_lcd_write_nibble_G100                                                            0x0013D     20
_lcd_write_data                                                                   0x00151     12
lcd_gotoxy                                                                        0x0015D     13
lcd_clear                                                                         0x0016A     12
lcd_putchar                                                                       0x00176     21
lcd_puts                                                                          0x0018B     17
lcd_init                                                                          0x0019C     46

FLASH Allocation [words]
Function                                                                          Address   Size
------------------------------------------------------------------------------------------------
timer1_compa_isr                                                                  0x0007F     59
put_char                                                                          0x000BA     15
main                                                                              0x000C9    116
_lcd_write_nibble_G100                                                            0x0013D     20
_lcd_write_data                                                                   0x00151     12
lcd_gotoxy                                                                        0x0015D     13
lcd_clear                                                                         0x0016A     12
lcd_putchar                                                                       0x00176     21
lcd_puts                                                                          0x0018B     17
lcd_init                                                                          0x0019C     46
